// Jest Snapshot v1, https://goo.gl/fbAQLP

exports[`Result table component matches snapshot 1`] = `
ShallowWrapper {
  Symbol(enzyme.__root__): [Circular],
  Symbol(enzyme.__unrendered__): <ResultTable
    intervals={
      Array [
        Object {
          "amount": 1500,
          "monthEnd": 2,
          "monthStart": 1,
        },
        Object {
          "amount": 300,
          "monthEnd": 10,
          "monthStart": 3,
        },
      ]
    }
  />,
  Symbol(enzyme.__renderer__): Object {
    "batchedUpdates": [Function],
    "getNode": [Function],
    "render": [Function],
    "simulateError": [Function],
    "simulateEvent": [Function],
    "unmount": [Function],
  },
  Symbol(enzyme.__node__): Object {
    "instance": null,
    "key": undefined,
    "nodeType": "class",
    "props": Object {
      "bsClass": "container",
      "children": Array [
        <h1 />,
        Array [
          <Row
            bsClass="row"
            componentClass="div"
          >
            <div>
              1
              . - 
              2
              . 
               = 
              1500
               
            </div>
          </Row>,
          <Row
            bsClass="row"
            componentClass="div"
          >
            <div>
              3
              . - 
              10
              . 
               = 
              300
               
            </div>
          </Row>,
        ],
      ],
      "componentClass": "div",
      "fluid": true,
    },
    "ref": null,
    "rendered": Array [
      Object {
        "instance": null,
        "key": undefined,
        "nodeType": "host",
        "props": Object {
          "children": undefined,
        },
        "ref": null,
        "rendered": null,
        "type": "h1",
      },
      Object {
        "instance": null,
        "key": "0",
        "nodeType": "class",
        "props": Object {
          "bsClass": "row",
          "children": <div>
            1
            . - 
            2
            . 
             = 
            1500
             
          </div>,
          "componentClass": "div",
        },
        "ref": null,
        "rendered": Object {
          "instance": null,
          "key": undefined,
          "nodeType": "host",
          "props": Object {
            "children": Array [
              1,
              ". - ",
              2,
              ". ",
              undefined,
              " = ",
              1500,
              " ",
              undefined,
            ],
          },
          "ref": null,
          "rendered": Array [
            1,
            ". - ",
            2,
            ". ",
            undefined,
            " = ",
            1500,
            " ",
            undefined,
          ],
          "type": "div",
        },
        "type": [Function],
      },
      Object {
        "instance": null,
        "key": "1",
        "nodeType": "class",
        "props": Object {
          "bsClass": "row",
          "children": <div>
            3
            . - 
            10
            . 
             = 
            300
             
          </div>,
          "componentClass": "div",
        },
        "ref": null,
        "rendered": Object {
          "instance": null,
          "key": undefined,
          "nodeType": "host",
          "props": Object {
            "children": Array [
              3,
              ". - ",
              10,
              ". ",
              undefined,
              " = ",
              300,
              " ",
              undefined,
            ],
          },
          "ref": null,
          "rendered": Array [
            3,
            ". - ",
            10,
            ". ",
            undefined,
            " = ",
            300,
            " ",
            undefined,
          ],
          "type": "div",
        },
        "type": [Function],
      },
    ],
    "type": [Function],
  },
  Symbol(enzyme.__nodes__): Array [
    Object {
      "instance": null,
      "key": undefined,
      "nodeType": "class",
      "props": Object {
        "bsClass": "container",
        "children": Array [
          <h1 />,
          Array [
            <Row
              bsClass="row"
              componentClass="div"
            >
              <div>
                1
                . - 
                2
                . 
                 = 
                1500
                 
              </div>
            </Row>,
            <Row
              bsClass="row"
              componentClass="div"
            >
              <div>
                3
                . - 
                10
                . 
                 = 
                300
                 
              </div>
            </Row>,
          ],
        ],
        "componentClass": "div",
        "fluid": true,
      },
      "ref": null,
      "rendered": Array [
        Object {
          "instance": null,
          "key": undefined,
          "nodeType": "host",
          "props": Object {
            "children": undefined,
          },
          "ref": null,
          "rendered": null,
          "type": "h1",
        },
        Object {
          "instance": null,
          "key": "0",
          "nodeType": "class",
          "props": Object {
            "bsClass": "row",
            "children": <div>
              1
              . - 
              2
              . 
               = 
              1500
               
            </div>,
            "componentClass": "div",
          },
          "ref": null,
          "rendered": Object {
            "instance": null,
            "key": undefined,
            "nodeType": "host",
            "props": Object {
              "children": Array [
                1,
                ". - ",
                2,
                ". ",
                undefined,
                " = ",
                1500,
                " ",
                undefined,
              ],
            },
            "ref": null,
            "rendered": Array [
              1,
              ". - ",
              2,
              ". ",
              undefined,
              " = ",
              1500,
              " ",
              undefined,
            ],
            "type": "div",
          },
          "type": [Function],
        },
        Object {
          "instance": null,
          "key": "1",
          "nodeType": "class",
          "props": Object {
            "bsClass": "row",
            "children": <div>
              3
              . - 
              10
              . 
               = 
              300
               
            </div>,
            "componentClass": "div",
          },
          "ref": null,
          "rendered": Object {
            "instance": null,
            "key": undefined,
            "nodeType": "host",
            "props": Object {
              "children": Array [
                3,
                ". - ",
                10,
                ". ",
                undefined,
                " = ",
                300,
                " ",
                undefined,
              ],
            },
            "ref": null,
            "rendered": Array [
              3,
              ". - ",
              10,
              ". ",
              undefined,
              " = ",
              300,
              " ",
              undefined,
            ],
            "type": "div",
          },
          "type": [Function],
        },
      ],
      "type": [Function],
    },
  ],
  Symbol(enzyme.__options__): Object {
    "adapter": ReactSixteenAdapter {
      "options": Object {
        "enableComponentDidUpdateOnSetState": true,
        "lifecycles": Object {
          "componentDidUpdate": Object {
            "onSetState": true,
          },
          "getDerivedStateFromProps": true,
          "getSnapshotBeforeUpdate": true,
          "setState": Object {
            "skipsComponentDidUpdateOnNullish": true,
          },
        },
      },
    },
    "attachTo": undefined,
    "hydrateIn": undefined,
  },
}
`;
